2025-11-12 01:21:25.742 [34mINFO [0;39m [4fca4adb-ec8e-4fc8-9e62-0c06cfc0f2af] [http-nio-8081-exec-7] com.bharatshop.web.CartController - Get cart: userId=guest
2025-11-12 01:21:25.774 [34mINFO [0;39m [4fca4adb-ec8e-4fc8-9e62-0c06cfc0f2af] [http-nio-8081-exec-7] c.b.config.logging.HttpLoggingFilter - GET /store/cart -> 200 (33 ms)
2025-11-12 01:21:25.789 [34mINFO [0;39m [4fca4adb-ec8e-4fc8-9e62-0c06cfc0f2af] [http-nio-8081-exec-7] c.b.config.logging.HttpLoggingFilter - Headers: auth=present content-type=null accept=application/json, text/plain, */*
2025-11-12 01:21:25.795 [34mINFO [0;39m [4fca4adb-ec8e-4fc8-9e62-0c06cfc0f2af] [http-nio-8081-exec-7] c.b.config.logging.HttpLoggingFilter - Response payload: []
2025-11-12 01:21:26.015 [34mINFO [0;39m [5c25679b-9d38-44e6-b9b1-20986d949f07] [http-nio-8081-exec-8] com.bharatshop.web.AuthController - Profile requested: tokenPresent=true 
2025-11-12 01:21:26.017 [34mINFO [0;39m [9cde692a-0ee7-4f41-869e-6bf6bbfeba81] [http-nio-8081-exec-4] com.bharatshop.web.CartController - Get cart: userId=guest
2025-11-12 01:21:26.025 [34mINFO [0;39m [5c25679b-9d38-44e6-b9b1-20986d949f07] [http-nio-8081-exec-8] c.b.config.logging.HttpLoggingFilter - GET /api/storefront/auth/profile -> 401 (10 ms)
2025-11-12 01:21:26.029 [34mINFO [0;39m [5c25679b-9d38-44e6-b9b1-20986d949f07] [http-nio-8081-exec-8] c.b.config.logging.HttpLoggingFilter - Headers: auth=present content-type=null accept=application/json, text/plain, */*
2025-11-12 01:21:26.032 [34mINFO [0;39m [5c25679b-9d38-44e6-b9b1-20986d949f07] [http-nio-8081-exec-8] c.b.config.logging.HttpLoggingFilter - Response payload: {"message":"Unauthorized"}
2025-11-12 01:21:26.033 [34mINFO [0;39m [9cde692a-0ee7-4f41-869e-6bf6bbfeba81] [http-nio-8081-exec-4] c.b.config.logging.HttpLoggingFilter - GET /store/cart -> 200 (18 ms)
2025-11-12 01:21:26.048 [34mINFO [0;39m [da2adea7-567b-4bd4-893e-0e0db180b52d] [http-nio-8081-exec-2] com.bharatshop.web.AuthController - Profile requested: tokenPresent=true 
2025-11-12 01:21:26.064 [34mINFO [0;39m [da2adea7-567b-4bd4-893e-0e0db180b52d] [http-nio-8081-exec-2] c.b.config.logging.HttpLoggingFilter - GET /api/storefront/auth/profile -> 401 (17 ms)
2025-11-12 01:21:26.073 [34mINFO [0;39m [da2adea7-567b-4bd4-893e-0e0db180b52d] [http-nio-8081-exec-2] c.b.config.logging.HttpLoggingFilter - Headers: auth=present content-type=null accept=application/json, text/plain, */*
2025-11-12 01:21:26.074 [34mINFO [0;39m [da2adea7-567b-4bd4-893e-0e0db180b52d] [http-nio-8081-exec-2] c.b.config.logging.HttpLoggingFilter - Response payload: {"message":"Unauthorized"}
2025-11-12 01:21:26.066 [34mINFO [0;39m [9cde692a-0ee7-4f41-869e-6bf6bbfeba81] [http-nio-8081-exec-4] c.b.config.logging.HttpLoggingFilter - Headers: auth=present content-type=null accept=application/json, text/plain, */*
2025-11-12 01:21:26.082 [34mINFO [0;39m [9cde692a-0ee7-4f41-869e-6bf6bbfeba81] [http-nio-8081-exec-4] c.b.config.logging.HttpLoggingFilter - Response payload: []
2025-11-12 01:21:26.405 [34mINFO [0;39m [3c504d99-7bdc-4861-ac5e-dc145517c61e] [http-nio-8081-exec-10] c.b.web.StoreDiscoveryController - Get store: tenant=demo-store id=2a31523c-c615-4e95-a5f3-2b1bcaf71a63
2025-11-12 01:21:26.412 [34mINFO [0;39m [3c504d99-7bdc-4861-ac5e-dc145517c61e] [http-nio-8081-exec-10] c.b.web.StoreDiscoveryController - Get store success: id=2a31523c-c615-4e95-a5f3-2b1bcaf71a63 name=Sunrise Hotel 
2025-11-12 01:21:26.431 [34mINFO [0;39m [3c504d99-7bdc-4861-ac5e-dc145517c61e] [http-nio-8081-exec-10] c.b.config.logging.HttpLoggingFilter - GET /api/stores/2a31523c-c615-4e95-a5f3-2b1bcaf71a63 -> 200 (29 ms)
2025-11-12 01:21:26.435 [34mINFO [0;39m [3c504d99-7bdc-4861-ac5e-dc145517c61e] [http-nio-8081-exec-10] c.b.config.logging.HttpLoggingFilter - Headers: auth=absent content-type=null accept=application/json, text/plain, */*
2025-11-12 01:21:26.448 [34mINFO [0;39m [3c504d99-7bdc-4861-ac5e-dc145517c61e] [http-nio-8081-exec-10] c.b.config.logging.HttpLoggingFilter - Response payload: {"id":"2a31523c-c615-4e95-a5f3-2b1bcaf71a63","name":"Sunrise Hotel","area":"Beach","category":"hospitality","status":"open","orderingDisabled":false,"updatedAt":"2025-11-11T16:57:51.700970Z"}
2025-11-12 01:21:26.490 [34mINFO [0;39m [2c6189b8-fb57-4333-b1c3-ab0884b855ec] [http-nio-8081-exec-9] c.b.web.StoreDiscoveryController - Products by store: tenant=demo-store storeId=2a31523c-c615-4e95-a5f3-2b1bcaf71a63
2025-11-12 01:21:26.516 [34mINFO [0;39m [2c6189b8-fb57-4333-b1c3-ab0884b855ec] [http-nio-8081-exec-9] c.b.config.logging.HttpLoggingFilter - GET /api/products?storeId=2a31523c-c615-4e95-a5f3-2b1bcaf71a63 -> 200 (27 ms)
2025-11-12 01:21:26.517 [34mINFO [0;39m [2c6189b8-fb57-4333-b1c3-ab0884b855ec] [http-nio-8081-exec-9] c.b.config.logging.HttpLoggingFilter - Headers: auth=absent content-type=null accept=application/json, text/plain, */*
2025-11-12 01:21:26.518 [34mINFO [0;39m [2c6189b8-fb57-4333-b1c3-ab0884b855ec] [http-nio-8081-exec-9] c.b.config.logging.HttpLoggingFilter - Response payload: [{"id":"33c89a42-fe99-4bd7-ba6d-9ad937499ede","name":"Room Deluxe","price":2500.0,"category":"room","storeId":"2a31523c-c615-4e95-a5f3-2b1bcaf71a63","active":true}]
2025-11-12 10:31:44.229 [31mWARN [0;39m [] [HikariPool-1 housekeeper] com.zaxxer.hikari.pool.HikariPool - HikariPool-1 - Thread starvation or clock leap detected (housekeeper delta=10h51m55s648ms489µs700ns).
