2026-01-15 20:36:30.188 [34mINFO [0;39m [] [main] c.bharatshop.BharatshopApplication - Starting BharatshopApplication using Java 17.0.12 with PID 54480 (C:\Users\Adarsh\Downloads\bharatshop-backend\target\bharatshop-backend-0.0.1-SNAPSHOT.jar started by Adarsh in C:\Users\Adarsh\Downloads\bharatshop-backend)
2026-01-15 20:36:30.205 [39mDEBUG[0;39m [] [main] c.bharatshop.BharatshopApplication - Running with Spring Boot v3.3.4, Spring v6.1.13
2026-01-15 20:36:30.207 [34mINFO [0;39m [] [main] c.bharatshop.BharatshopApplication - No active profile set, falling back to 1 default profile: "default"
2026-01-15 20:36:34.679 [34mINFO [0;39m [] [main] o.s.d.r.c.RepositoryConfigurationDelegate - Bootstrapping Spring Data JPA repositories in DEFAULT mode.
2026-01-15 20:36:35.020 [34mINFO [0;39m [] [main] o.s.d.r.c.RepositoryConfigurationDelegate - Finished Spring Data repository scanning in 313 ms. Found 20 JPA repository interfaces.
2026-01-15 20:36:38.191 [34mINFO [0;39m [] [main] o.s.b.w.e.tomcat.TomcatWebServer - Tomcat initialized with port 8081 (http)
2026-01-15 20:36:38.230 [34mINFO [0;39m [] [main] o.a.coyote.http11.Http11NioProtocol - Initializing ProtocolHandler ["http-nio-8081"]
2026-01-15 20:36:38.241 [34mINFO [0;39m [] [main] o.a.catalina.core.StandardService - Starting service [Tomcat]
2026-01-15 20:36:38.242 [34mINFO [0;39m [] [main] o.a.catalina.core.StandardEngine - Starting Servlet engine: [Apache Tomcat/10.1.30]
2026-01-15 20:36:38.379 [34mINFO [0;39m [] [main] o.a.c.c.C.[Tomcat].[localhost].[/] - Initializing Spring embedded WebApplicationContext
2026-01-15 20:36:38.381 [34mINFO [0;39m [] [main] o.s.b.w.s.c.ServletWebServerApplicationContext - Root WebApplicationContext: initialization completed in 8015 ms
2026-01-15 20:36:38.960 [34mINFO [0;39m [] [main] com.zaxxer.hikari.HikariDataSource - HikariPool-1 - Starting...
2026-01-15 20:36:39.607 [34mINFO [0;39m [] [main] com.zaxxer.hikari.pool.HikariPool - HikariPool-1 - Added connection conn0: url=jdbc:h2:mem:bharatshop user=SA
2026-01-15 20:36:39.607 [34mINFO [0;39m [] [main] com.zaxxer.hikari.HikariDataSource - HikariPool-1 - Start completed.
2026-01-15 20:36:39.639 [34mINFO [0;39m [] [main] o.s.b.a.h.H2ConsoleAutoConfiguration - H2 console available at '/h2-console'. Database available at 'jdbc:h2:mem:bharatshop'
2026-01-15 20:36:41.728 [34mINFO [0;39m [] [main] o.s.o.j.p.SpringPersistenceUnitInfo - No LoadTimeWeaver setup: ignoring JPA class transformer
2026-01-15 20:36:46.383 [34mINFO [0;39m [] [main] o.s.o.j.LocalContainerEntityManagerFactoryBean - Initialized JPA EntityManagerFactory for persistence unit 'default'
2026-01-15 20:36:47.522 [34mINFO [0;39m [] [main] o.s.d.j.r.query.QueryEnhancerFactory - Hibernate is in classpath; If applicable, HQL parser will be used.
2026-01-15 20:36:48.825 [39mDEBUG[0;39m [] [main] c.b.c.logging.CorrelationIdFilter - Filter 'correlationIdFilter' configured for use
2026-01-15 20:36:48.825 [39mDEBUG[0;39m [] [main] c.b.config.logging.HttpLoggingFilter - Filter 'httpLoggingFilter' configured for use
2026-01-15 20:36:48.833 [39mDEBUG[0;39m [] [main] com.bharatshop.config.TenantFilter - Filter 'tenantFilter' configured for use
2026-01-15 20:36:48.834 [39mDEBUG[0;39m [] [main] c.b.security.TokenAuthFilter - Filter 'tokenAuthFilter' configured for use
2026-01-15 20:36:48.839 [39mDEBUG[0;39m [] [main] c.b.config.IdempotencyFilter - Filter 'idempotencyFilter' configured for use
2026-01-15 20:36:52.818 [31mWARN [0;39m [] [main] o.s.b.a.o.j.JpaBaseConfiguration$JpaWebConfiguration - spring.jpa.open-in-view is enabled by default. Therefore, database queries may be performed during view rendering. Explicitly configure spring.jpa.open-in-view to disable this warning
2026-01-15 20:36:52.924 [31mWARN [0;39m [] [main] o.s.b.a.s.s.UserDetailsServiceAutoConfiguration - 

Using generated security password: 4607360c-317a-4da7-9e5d-3ae72ed2aedc

This generated password is for development use only. Your security configuration must be updated before running your application in production.

2026-01-15 20:36:52.956 [34mINFO [0;39m [] [main] o.s.s.c.a.a.c.InitializeUserDetailsBeanManagerConfigurer$InitializeUserDetailsManagerConfigurer - Global AuthenticationManager configured with UserDetailsService bean with name inMemoryUserDetailsManager
2026-01-15 20:36:54.213 [34mINFO [0;39m [] [main] o.s.b.a.e.web.EndpointLinksResolver - Exposing 4 endpoints beneath base path '/actuator'
2026-01-15 20:36:56.053 [34mINFO [0;39m [] [main] o.a.coyote.http11.Http11NioProtocol - Starting ProtocolHandler ["http-nio-8081"]
2026-01-15 20:36:56.136 [34mINFO [0;39m [] [main] o.s.b.w.e.tomcat.TomcatWebServer - Tomcat started on port 8081 (http) with context path '/'
2026-01-15 20:36:56.187 [34mINFO [0;39m [] [main] c.bharatshop.BharatshopApplication - Started BharatshopApplication in 28.352 seconds (process running for 30.194)
2026-01-15 20:36:56.378 [39mDEBUG[0;39m [] [main] c.b.c.logging.MethodLoggingAspect - Service enter: StoreService.add(..) args=[Store(com.bharatshop.domain.Store@20295ff2)]
2026-01-15 20:36:56.714 [34mINFO [0;39m [] [main] c.b.c.logging.MethodLoggingAspect - Service exit: StoreService.add(..) (338 ms)
2026-01-15 20:36:56.716 [39mDEBUG[0;39m [] [main] c.b.c.logging.MethodLoggingAspect - Service result: StoreService.add(..) => Store(com.bharatshop.domain.Store@630780c0)
2026-01-15 20:36:56.716 [39mDEBUG[0;39m [] [main] c.b.c.logging.MethodLoggingAspect - Service enter: StoreService.add(..) args=[Store(com.bharatshop.domain.Store@29ef49a1)]
2026-01-15 20:36:56.721 [34mINFO [0;39m [] [main] c.b.c.logging.MethodLoggingAspect - Service exit: StoreService.add(..) (5 ms)
2026-01-15 20:36:56.723 [39mDEBUG[0;39m [] [main] c.b.c.logging.MethodLoggingAspect - Service result: StoreService.add(..) => Store(com.bharatshop.domain.Store@6dca770f)
2026-01-15 20:36:56.725 [39mDEBUG[0;39m [] [main] c.b.c.logging.MethodLoggingAspect - Service enter: ProductService.add(..) args=[Product(com.bharatshop.domain.Product@3a1e65ea)]
2026-01-15 20:36:56.737 [34mINFO [0;39m [] [main] c.b.c.logging.MethodLoggingAspect - Service exit: ProductService.add(..) (12 ms)
2026-01-15 20:36:56.737 [39mDEBUG[0;39m [] [main] c.b.c.logging.MethodLoggingAspect - Service result: ProductService.add(..) => null
2026-01-15 20:36:56.739 [39mDEBUG[0;39m [] [main] c.b.c.logging.MethodLoggingAspect - Service enter: ProductService.add(..) args=[Product(com.bharatshop.domain.Product@4091ccc2)]
2026-01-15 20:36:56.745 [34mINFO [0;39m [] [main] c.b.c.logging.MethodLoggingAspect - Service exit: ProductService.add(..) (6 ms)
2026-01-15 20:36:56.745 [39mDEBUG[0;39m [] [main] c.b.c.logging.MethodLoggingAspect - Service result: ProductService.add(..) => null
2026-01-15 20:36:56.748 [39mDEBUG[0;39m [] [main] c.b.c.logging.MethodLoggingAspect - Service enter: ProductService.add(..) args=[Product(com.bharatshop.domain.Product@7201108f)]
2026-01-15 20:36:56.754 [34mINFO [0;39m [] [main] c.b.c.logging.MethodLoggingAspect - Service exit: ProductService.add(..) (7 ms)
2026-01-15 20:36:56.754 [39mDEBUG[0;39m [] [main] c.b.c.logging.MethodLoggingAspect - Service result: ProductService.add(..) => null
2026-01-15 20:37:07.689 [34mINFO [0;39m [] [http-nio-8081-exec-1] o.a.c.c.C.[Tomcat].[localhost].[/] - Initializing Spring DispatcherServlet 'dispatcherServlet'
2026-01-15 20:37:07.689 [34mINFO [0;39m [] [http-nio-8081-exec-1] o.s.web.servlet.DispatcherServlet - Initializing Servlet 'dispatcherServlet'
2026-01-15 20:37:07.695 [34mINFO [0;39m [] [http-nio-8081-exec-1] o.s.web.servlet.DispatcherServlet - Completed initialization in 1 ms
2026-01-15 20:37:07.905 [34mINFO [0;39m [a858996b-2f99-4603-b8f2-34cbd9b80082] [http-nio-8081-exec-1] c.b.config.logging.HttpLoggingFilter - GET /?ide_webview_request_time=1768489627500 -> 404 (50 ms)
2026-01-15 20:37:07.907 [34mINFO [0;39m [a858996b-2f99-4603-b8f2-34cbd9b80082] [http-nio-8081-exec-1] c.b.config.logging.HttpLoggingFilter - Headers: auth=absent content-type=null accept=text/html,application/xhtml+xml,application/xml;q=0.9,image/avif,image/webp,image/apng,*/*;q=0.8,application/signed-exchange;v=b3;q=0.7
2026-01-15 20:37:08.159 [31mWARN [0;39m [] [http-nio-8081-exec-1] o.a.c.util.SessionIdGeneratorBase - Creation of SecureRandom instance for session ID generation using [SHA1PRNG] took [173] milliseconds.
2026-01-15 23:15:46.370 [34mINFO [0;39m [] [main] c.bharatshop.BharatshopApplication - Starting BharatshopApplication using Java 17.0.12 with PID 51276 (C:\Users\Adarsh\Downloads\bharatshop-backend\target\bharatshop-backend-0.0.1-SNAPSHOT.jar started by Adarsh in C:\Users\Adarsh\Downloads\bharatshop-backend)
2026-01-15 23:15:46.375 [39mDEBUG[0;39m [] [main] c.bharatshop.BharatshopApplication - Running with Spring Boot v3.3.4, Spring v6.1.13
2026-01-15 23:15:46.377 [34mINFO [0;39m [] [main] c.bharatshop.BharatshopApplication - No active profile set, falling back to 1 default profile: "default"
2026-01-15 23:15:49.580 [34mINFO [0;39m [] [main] o.s.d.r.c.RepositoryConfigurationDelegate - Bootstrapping Spring Data JPA repositories in DEFAULT mode.
2026-01-15 23:15:49.833 [34mINFO [0;39m [] [main] o.s.d.r.c.RepositoryConfigurationDelegate - Finished Spring Data repository scanning in 235 ms. Found 20 JPA repository interfaces.
2026-01-15 23:15:52.649 [34mINFO [0;39m [] [main] o.s.b.w.e.tomcat.TomcatWebServer - Tomcat initialized with port 8081 (http)
2026-01-15 23:15:52.696 [34mINFO [0;39m [] [main] o.a.coyote.http11.Http11NioProtocol - Initializing ProtocolHandler ["http-nio-8081"]
2026-01-15 23:15:52.707 [34mINFO [0;39m [] [main] o.a.catalina.core.StandardService - Starting service [Tomcat]
2026-01-15 23:15:52.709 [34mINFO [0;39m [] [main] o.a.catalina.core.StandardEngine - Starting Servlet engine: [Apache Tomcat/10.1.30]
2026-01-15 23:15:52.833 [34mINFO [0;39m [] [main] o.a.c.c.C.[Tomcat].[localhost].[/] - Initializing Spring embedded WebApplicationContext
2026-01-15 23:15:52.834 [34mINFO [0;39m [] [main] o.s.b.w.s.c.ServletWebServerApplicationContext - Root WebApplicationContext: initialization completed in 6325 ms
2026-01-15 23:15:53.272 [34mINFO [0;39m [] [main] com.zaxxer.hikari.HikariDataSource - HikariPool-1 - Starting...
2026-01-15 23:15:53.832 [34mINFO [0;39m [] [main] com.zaxxer.hikari.pool.HikariPool - HikariPool-1 - Added connection conn0: url=jdbc:h2:mem:bharatshop user=SA
2026-01-15 23:15:53.837 [34mINFO [0;39m [] [main] com.zaxxer.hikari.HikariDataSource - HikariPool-1 - Start completed.
2026-01-15 23:15:53.867 [34mINFO [0;39m [] [main] o.s.b.a.h.H2ConsoleAutoConfiguration - H2 console available at '/h2-console'. Database available at 'jdbc:h2:mem:bharatshop'
2026-01-15 23:15:55.619 [34mINFO [0;39m [] [main] o.s.o.j.p.SpringPersistenceUnitInfo - No LoadTimeWeaver setup: ignoring JPA class transformer
2026-01-15 23:15:59.703 [34mINFO [0;39m [] [main] o.s.o.j.LocalContainerEntityManagerFactoryBean - Initialized JPA EntityManagerFactory for persistence unit 'default'
2026-01-15 23:16:00.704 [34mINFO [0;39m [] [main] o.s.d.j.r.query.QueryEnhancerFactory - Hibernate is in classpath; If applicable, HQL parser will be used.
2026-01-15 23:16:01.752 [39mDEBUG[0;39m [] [main] c.b.c.logging.CorrelationIdFilter - Filter 'correlationIdFilter' configured for use
2026-01-15 23:16:01.753 [39mDEBUG[0;39m [] [main] c.b.config.logging.HttpLoggingFilter - Filter 'httpLoggingFilter' configured for use
2026-01-15 23:16:01.757 [39mDEBUG[0;39m [] [main] com.bharatshop.config.TenantFilter - Filter 'tenantFilter' configured for use
2026-01-15 23:16:01.758 [39mDEBUG[0;39m [] [main] c.b.security.TokenAuthFilter - Filter 'tokenAuthFilter' configured for use
2026-01-15 23:16:01.762 [39mDEBUG[0;39m [] [main] c.b.config.IdempotencyFilter - Filter 'idempotencyFilter' configured for use
2026-01-15 23:16:05.378 [31mWARN [0;39m [] [main] o.s.b.a.o.j.JpaBaseConfiguration$JpaWebConfiguration - spring.jpa.open-in-view is enabled by default. Therefore, database queries may be performed during view rendering. Explicitly configure spring.jpa.open-in-view to disable this warning
2026-01-15 23:16:05.472 [31mWARN [0;39m [] [main] o.s.b.a.s.s.UserDetailsServiceAutoConfiguration - 

Using generated security password: c4e96a7b-82e0-463d-b75c-f9f91866abbc

This generated password is for development use only. Your security configuration must be updated before running your application in production.

2026-01-15 23:16:05.504 [34mINFO [0;39m [] [main] o.s.s.c.a.a.c.InitializeUserDetailsBeanManagerConfigurer$InitializeUserDetailsManagerConfigurer - Global AuthenticationManager configured with UserDetailsService bean with name inMemoryUserDetailsManager
2026-01-15 23:16:06.656 [34mINFO [0;39m [] [main] o.s.b.a.e.web.EndpointLinksResolver - Exposing 4 endpoints beneath base path '/actuator'
2026-01-15 23:16:08.145 [34mINFO [0;39m [] [main] o.a.coyote.http11.Http11NioProtocol - Starting ProtocolHandler ["http-nio-8081"]
2026-01-15 23:16:08.271 [34mINFO [0;39m [] [main] o.s.b.w.e.tomcat.TomcatWebServer - Tomcat started on port 8081 (http) with context path '/'
2026-01-15 23:16:08.312 [34mINFO [0;39m [] [main] c.bharatshop.BharatshopApplication - Started BharatshopApplication in 23.487 seconds (process running for 24.714)
2026-01-15 23:16:08.456 [39mDEBUG[0;39m [] [main] c.b.c.logging.MethodLoggingAspect - Service enter: StoreService.add(..) args=[Store(com.bharatshop.domain.Store@4608c405)]
2026-01-15 23:16:08.734 [31mWARN [0;39m [] [main] o.h.e.jdbc.spi.SqlExceptionHelper - SQL Error: 23502, SQLState: 23502
2026-01-15 23:16:08.735 [1;31mERROR[0;39m [] [main] o.h.e.jdbc.spi.SqlExceptionHelper - NULL not allowed for column "TENANT_ID"; SQL statement:
insert into stores (area,category,closed_reason,closed_until,created_at,logo,name,ordering_disabled,owner_id,owner_phone,status,tenant_id,updated_at,id) values (?,?,?,?,?,?,?,?,?,?,?,?,?,?) [23502-224]
2026-01-15 23:16:08.758 [1;31mERROR[0;39m [] [main] c.b.c.logging.MethodLoggingAspect - Unhandled exception: org.springframework.dao.DataIntegrityViolationException: could not execute statement [NULL not allowed for column "TENANT_ID"; SQL statement:
insert into stores (area,category,closed_reason,closed_until,created_at,logo,name,ordering_disabled,owner_id,owner_phone,status,tenant_id,updated_at,id) values (?,?,?,?,?,?,?,?,?,?,?,?,?,?) [23502-224]] [insert into stores (area,category,closed_reason,closed_until,created_at,logo,name,ordering_disabled,owner_id,owner_phone,status,tenant_id,updated_at,id) values (?,?,?,?,?,?,?,?,?,?,?,?,?,?)]; SQL [insert into stores (area,category,closed_reason,closed_until,created_at,logo,name,ordering_disabled,owner_id,owner_phone,status,tenant_id,updated_at,id) values (?,?,?,?,?,?,?,?,?,?,?,?,?,?)]; constraint [null]
2026-01-15 23:16:08.760 [1;31mERROR[0;39m [] [main] c.b.c.logging.MethodLoggingAspect - Service error: StoreService.add(..) (306 ms) - org.springframework.dao.DataIntegrityViolationException: could not execute statement [NULL not allowed for column "TENANT_ID"; SQL statement:
insert into stores (area,category,closed_reason,closed_until,created_at,logo,name,ordering_disabled,owner_id,owner_phone,status,tenant_id,updated_at,id) values (?,?,?,?,?,?,?,?,?,?,?,?,?,?) [23502-224]] [insert into stores (area,category,closed_reason,closed_until,created_at,logo,name,ordering_disabled,owner_id,owner_phone,status,tenant_id,updated_at,id) values (?,?,?,?,?,?,?,?,?,?,?,?,?,?)]; SQL [insert into stores (area,category,closed_reason,closed_until,created_at,logo,name,ordering_disabled,owner_id,owner_phone,status,tenant_id,updated_at,id) values (?,?,?,?,?,?,?,?,?,?,?,?,?,?)]; constraint [null]
2026-01-15 23:16:08.770 [34mINFO [0;39m [] [main] o.s.b.a.l.ConditionEvaluationReportLogger - 

Error starting ApplicationContext. To display the condition evaluation report re-run your application with 'debug' enabled.
2026-01-15 23:16:08.835 [1;31mERROR[0;39m [] [main] o.s.boot.SpringApplication - Application run failed
org.springframework.dao.DataIntegrityViolationException: could not execute statement [NULL not allowed for column "TENANT_ID"; SQL statement:
insert into stores (area,category,closed_reason,closed_until,created_at,logo,name,ordering_disabled,owner_id,owner_phone,status,tenant_id,updated_at,id) values (?,?,?,?,?,?,?,?,?,?,?,?,?,?) [23502-224]] [insert into stores (area,category,closed_reason,closed_until,created_at,logo,name,ordering_disabled,owner_id,owner_phone,status,tenant_id,updated_at,id) values (?,?,?,?,?,?,?,?,?,?,?,?,?,?)]; SQL [insert into stores (area,category,closed_reason,closed_until,created_at,logo,name,ordering_disabled,owner_id,owner_phone,status,tenant_id,updated_at,id) values (?,?,?,?,?,?,?,?,?,?,?,?,?,?)]; constraint [null]
	at org.springframework.orm.jpa.vendor.HibernateJpaDialect.convertHibernateAccessException(HibernateJpaDialect.java:290)
	at org.springframework.orm.jpa.vendor.HibernateJpaDialect.translateExceptionIfPossible(HibernateJpaDialect.java:241)
	at org.springframework.orm.jpa.JpaTransactionManager.doCommit(JpaTransactionManager.java:566)
	at org.springframework.transaction.support.AbstractPlatformTransactionManager.processCommit(AbstractPlatformTransactionManager.java:795)
	at org.springframework.transaction.support.AbstractPlatformTransactionManager.commit(AbstractPlatformTransactionManager.java:758)
	at org.springframework.transaction.interceptor.TransactionAspectSupport.commitTransactionAfterReturning(TransactionAspectSupport.java:663)
	at org.springframework.transaction.interceptor.TransactionAspectSupport.invokeWithinTransaction(TransactionAspectSupport.java:413)
	at org.springframework.transaction.interceptor.TransactionInterceptor.invoke(TransactionInterceptor.java:119)
	at org.springframework.aop.framework.ReflectiveMethodInvocation.proceed(ReflectiveMethodInvocation.java:184)
	at org.springframework.dao.support.PersistenceExceptionTranslationInterceptor.invoke(PersistenceExceptionTranslationInterceptor.java:138)
	at org.springframework.aop.framework.ReflectiveMethodInvocation.proceed(ReflectiveMethodInvocation.java:184)
	at org.springframework.data.jpa.repository.support.CrudMethodMetadataPostProcessor$CrudMethodMetadataPopulatingMethodInterceptor.invoke(CrudMethodMetadataPostProcessor.java:165)
	at org.springframework.aop.framework.ReflectiveMethodInvocation.proceed(ReflectiveMethodInvocation.java:184)
	at org.springframework.aop.interceptor.ExposeInvocationInterceptor.invoke(ExposeInvocationInterceptor.java:97)
	at org.springframework.aop.framework.ReflectiveMethodInvocation.proceed(ReflectiveMethodInvocation.java:184)
	at org.springframework.aop.framework.JdkDynamicAopProxy.invoke(JdkDynamicAopProxy.java:223)
	at jdk.proxy2/jdk.proxy2.$Proxy164.save(Unknown Source)
	at com.bharatshop.service.StoreService.add(StoreService.java:50)
	at java.base/jdk.internal.reflect.NativeMethodAccessorImpl.invoke0(Native Method)
	at java.base/jdk.internal.reflect.NativeMethodAccessorImpl.invoke(NativeMethodAccessorImpl.java:77)
	at java.base/jdk.internal.reflect.DelegatingMethodAccessorImpl.invoke(DelegatingMethodAccessorImpl.java:43)
	at java.base/java.lang.reflect.Method.invoke(Method.java:568)
	at org.springframework.aop.support.AopUtils.invokeJoinpointUsingReflection(AopUtils.java:355)
	at org.springframework.aop.framework.ReflectiveMethodInvocation.invokeJoinpoint(ReflectiveMethodInvocation.java:196)
	at org.springframework.aop.framework.ReflectiveMethodInvocation.proceed(ReflectiveMethodInvocation.java:163)
	at org.springframework.aop.framework.CglibAopProxy$CglibMethodInvocation.proceed(CglibAopProxy.java:768)
	at org.springframework.aop.aspectj.AspectJAfterThrowingAdvice.invoke(AspectJAfterThrowingAdvice.java:64)
	at org.springframework.aop.framework.ReflectiveMethodInvocation.proceed(ReflectiveMethodInvocation.java:184)
	at org.springframework.aop.framework.CglibAopProxy$CglibMethodInvocation.proceed(CglibAopProxy.java:768)
	at org.springframework.aop.aspectj.MethodInvocationProceedingJoinPoint.proceed(MethodInvocationProceedingJoinPoint.java:89)
	at com.bharatshop.config.logging.MethodLoggingAspect.logService(MethodLoggingAspect.java:59)
	at java.base/jdk.internal.reflect.NativeMethodAccessorImpl.invoke0(Native Method)
	at java.base/jdk.internal.reflect.NativeMethodAccessorImpl.invoke(NativeMethodAccessorImpl.java:77)
	at java.base/jdk.internal.reflect.DelegatingMethodAccessorImpl.invoke(DelegatingMethodAccessorImpl.java:43)
	at java.base/java.lang.reflect.Method.invoke(Method.java:568)
	at org.springframework.aop.aspectj.AbstractAspectJAdvice.invokeAdviceMethodWithGivenArgs(AbstractAspectJAdvice.java:637)
	at org.springframework.aop.aspectj.AbstractAspectJAdvice.invokeAdviceMethod(AbstractAspectJAdvice.java:627)
	at org.springframework.aop.aspectj.AspectJAroundAdvice.invoke(AspectJAroundAdvice.java:71)
	at org.springframework.aop.framework.ReflectiveMethodInvocation.proceed(ReflectiveMethodInvocation.java:184)
	at org.springframework.aop.framework.CglibAopProxy$CglibMethodInvocation.proceed(CglibAopProxy.java:768)
	at org.springframework.aop.interceptor.ExposeInvocationInterceptor.invoke(ExposeInvocationInterceptor.java:97)
	at org.springframework.aop.framework.ReflectiveMethodInvocation.proceed(ReflectiveMethodInvocation.java:184)
	at org.springframework.aop.framework.CglibAopProxy$CglibMethodInvocation.proceed(CglibAopProxy.java:768)
	at org.springframework.aop.framework.CglibAopProxy$DynamicAdvisedInterceptor.intercept(CglibAopProxy.java:720)
	at com.bharatshop.service.StoreService$$SpringCGLIB$$0.add(<generated>)
	at com.bharatshop.config.DataSeeder.run(DataSeeder.java:26)
	at org.springframework.boot.SpringApplication.lambda$callRunner$5(SpringApplication.java:790)
	at org.springframework.util.function.ThrowingConsumer$1.acceptWithException(ThrowingConsumer.java:83)
	at org.springframework.util.function.ThrowingConsumer.accept(ThrowingConsumer.java:60)
	at org.springframework.util.function.ThrowingConsumer$1.accept(ThrowingConsumer.java:88)
	at org.springframework.boot.SpringApplication.callRunner(SpringApplication.java:798)
	at org.springframework.boot.SpringApplication.callRunner(SpringApplication.java:789)
	at org.springframework.boot.SpringApplication.lambda$callRunners$3(SpringApplication.java:774)
	at java.base/java.util.stream.ForEachOps$ForEachOp$OfRef.accept(ForEachOps.java:183)
	at java.base/java.util.stream.SortedOps$SizedRefSortingSink.end(SortedOps.java:357)
	at java.base/java.util.stream.AbstractPipeline.copyInto(AbstractPipeline.java:510)
	at java.base/java.util.stream.AbstractPipeline.wrapAndCopyInto(AbstractPipeline.java:499)
	at java.base/java.util.stream.ForEachOps$ForEachOp.evaluateSequential(ForEachOps.java:150)
	at java.base/java.util.stream.ForEachOps$ForEachOp$OfRef.evaluateSequential(ForEachOps.java:173)
	at java.base/java.util.stream.AbstractPipeline.evaluate(AbstractPipeline.java:234)
	at java.base/java.util.stream.ReferencePipeline.forEach(ReferencePipeline.java:596)
	at org.springframework.boot.SpringApplication.callRunners(SpringApplication.java:774)
	at org.springframework.boot.SpringApplication.run(SpringApplication.java:342)
	at org.springframework.boot.SpringApplication.run(SpringApplication.java:1363)
	at org.springframework.boot.SpringApplication.run(SpringApplication.java:1352)
	at com.bharatshop.BharatshopApplication.main(BharatshopApplication.java:9)
	at java.base/jdk.internal.reflect.NativeMethodAccessorImpl.invoke0(Native Method)
	at java.base/jdk.internal.reflect.NativeMethodAccessorImpl.invoke(NativeMethodAccessorImpl.java:77)
	at java.base/jdk.internal.reflect.DelegatingMethodAccessorImpl.invoke(DelegatingMethodAccessorImpl.java:43)
	at java.base/java.lang.reflect.Method.invoke(Method.java:568)
	at org.springframework.boot.loader.launch.Launcher.launch(Launcher.java:106)
	at org.springframework.boot.loader.launch.Launcher.launch(Launcher.java:64)
	at org.springframework.boot.loader.launch.JarLauncher.main(JarLauncher.java:40)
Caused by: org.hibernate.exception.ConstraintViolationException: could not execute statement [NULL not allowed for column "TENANT_ID"; SQL statement:
insert into stores (area,category,closed_reason,closed_until,created_at,logo,name,ordering_disabled,owner_id,owner_phone,status,tenant_id,updated_at,id) values (?,?,?,?,?,?,?,?,?,?,?,?,?,?) [23502-224]] [insert into stores (area,category,closed_reason,closed_until,created_at,logo,name,ordering_disabled,owner_id,owner_phone,status,tenant_id,updated_at,id) values (?,?,?,?,?,?,?,?,?,?,?,?,?,?)]
	at org.hibernate.exception.internal.SQLExceptionTypeDelegate.convert(SQLExceptionTypeDelegate.java:62)
	at org.hibernate.exception.internal.StandardSQLExceptionConverter.convert(StandardSQLExceptionConverter.java:58)
	at org.hibernate.engine.jdbc.spi.SqlExceptionHelper.convert(SqlExceptionHelper.java:108)
	at org.hibernate.engine.jdbc.internal.ResultSetReturnImpl.executeUpdate(ResultSetReturnImpl.java:197)
	at org.hibernate.engine.jdbc.mutation.internal.AbstractMutationExecutor.performNonBatchedMutation(AbstractMutationExecutor.java:134)
	at org.hibernate.engine.jdbc.mutation.internal.MutationExecutorSingleNonBatched.performNonBatchedOperations(MutationExecutorSingleNonBatched.java:55)
	at org.hibernate.engine.jdbc.mutation.internal.AbstractMutationExecutor.execute(AbstractMutationExecutor.java:55)
	at org.hibernate.persister.entity.mutation.InsertCoordinatorStandard.doStaticInserts(InsertCoordinatorStandard.java:194)
	at org.hibernate.persister.entity.mutation.InsertCoordinatorStandard.coordinateInsert(InsertCoordinatorStandard.java:132)
	at org.hibernate.persister.entity.mutation.InsertCoordinatorStandard.insert(InsertCoordinatorStandard.java:104)
	at org.hibernate.action.internal.EntityInsertAction.execute(EntityInsertAction.java:110)
	at org.hibernate.engine.spi.ActionQueue.executeActions(ActionQueue.java:633)
	at org.hibernate.engine.spi.ActionQueue.executeActions(ActionQueue.java:500)
	at org.hibernate.event.internal.AbstractFlushingEventListener.performExecutions(AbstractFlushingEventListener.java:385)
	at org.hibernate.event.internal.DefaultFlushEventListener.onFlush(DefaultFlushEventListener.java:41)
	at org.hibernate.event.service.internal.EventListenerGroupImpl.fireEventOnEachListener(EventListenerGroupImpl.java:127)
	at org.hibernate.internal.SessionImpl.doFlush(SessionImpl.java:1425)
	at org.hibernate.internal.SessionImpl.managedFlush(SessionImpl.java:487)
	at org.hibernate.internal.SessionImpl.flushBeforeTransactionCompletion(SessionImpl.java:2324)
	at org.hibernate.internal.SessionImpl.beforeTransactionCompletion(SessionImpl.java:1981)
	at org.hibernate.engine.jdbc.internal.JdbcCoordinatorImpl.beforeTransactionCompletion(JdbcCoordinatorImpl.java:439)
	at org.hibernate.resource.transaction.backend.jdbc.internal.JdbcResourceLocalTransactionCoordinatorImpl.beforeCompletionCallback(JdbcResourceLocalTransactionCoordinatorImpl.java:169)
	at org.hibernate.resource.transaction.backend.jdbc.internal.JdbcResourceLocalTransactionCoordinatorImpl$TransactionDriverControlImpl.commit(JdbcResourceLocalTransactionCoordinatorImpl.java:267)
	at org.hibernate.engine.transaction.internal.TransactionImpl.commit(TransactionImpl.java:101)
	at org.springframework.orm.jpa.JpaTransactionManager.doCommit(JpaTransactionManager.java:562)
	... 70 common frames omitted
Caused by: org.h2.jdbc.JdbcSQLIntegrityConstraintViolationException: NULL not allowed for column "TENANT_ID"; SQL statement:
insert into stores (area,category,closed_reason,closed_until,created_at,logo,name,ordering_disabled,owner_id,owner_phone,status,tenant_id,updated_at,id) values (?,?,?,?,?,?,?,?,?,?,?,?,?,?) [23502-224]
	at org.h2.message.DbException.getJdbcSQLException(DbException.java:520)
	at org.h2.message.DbException.getJdbcSQLException(DbException.java:489)
	at org.h2.message.DbException.get(DbException.java:223)
	at org.h2.message.DbException.get(DbException.java:199)
	at org.h2.table.Column.validateConvertUpdateSequence(Column.java:365)
	at org.h2.table.Table.convertInsertRow(Table.java:936)
	at org.h2.command.dml.Insert.insertRows(Insert.java:167)
	at org.h2.command.dml.Insert.update(Insert.java:135)
	at org.h2.command.dml.DataChangeStatement.update(DataChangeStatement.java:74)
	at org.h2.command.CommandContainer.update(CommandContainer.java:169)
	at org.h2.command.Command.executeUpdate(Command.java:256)
	at org.h2.jdbc.JdbcPreparedStatement.executeUpdateInternal(JdbcPreparedStatement.java:216)
	at org.h2.jdbc.JdbcPreparedStatement.executeUpdate(JdbcPreparedStatement.java:174)
	at com.zaxxer.hikari.pool.ProxyPreparedStatement.executeUpdate(ProxyPreparedStatement.java:61)
	at com.zaxxer.hikari.pool.HikariProxyPreparedStatement.executeUpdate(HikariProxyPreparedStatement.java)
	at org.hibernate.engine.jdbc.internal.ResultSetReturnImpl.executeUpdate(ResultSetReturnImpl.java:194)
	... 91 common frames omitted
2026-01-15 23:16:09.733 [34mINFO [0;39m [] [main] o.s.o.j.LocalContainerEntityManagerFactoryBean - Closing JPA EntityManagerFactory for persistence unit 'default'
2026-01-15 23:16:09.738 [34mINFO [0;39m [] [main] com.zaxxer.hikari.HikariDataSource - HikariPool-1 - Shutdown initiated...
2026-01-15 23:16:09.746 [34mINFO [0;39m [] [main] com.zaxxer.hikari.HikariDataSource - HikariPool-1 - Shutdown completed.
2026-01-15 23:21:17.449 [34mINFO [0;39m [] [main] c.bharatshop.BharatshopApplication - Starting BharatshopApplication using Java 17.0.12 with PID 18400 (C:\Users\Adarsh\Downloads\bharatshop-backend\target\bharatshop-backend-0.0.1-SNAPSHOT.jar started by Adarsh in C:\Users\Adarsh\Downloads\bharatshop-backend)
2026-01-15 23:21:17.456 [39mDEBUG[0;39m [] [main] c.bharatshop.BharatshopApplication - Running with Spring Boot v3.3.4, Spring v6.1.13
2026-01-15 23:21:17.458 [34mINFO [0;39m [] [main] c.bharatshop.BharatshopApplication - No active profile set, falling back to 1 default profile: "default"
2026-01-15 23:21:21.002 [34mINFO [0;39m [] [main] o.s.d.r.c.RepositoryConfigurationDelegate - Bootstrapping Spring Data JPA repositories in DEFAULT mode.
2026-01-15 23:21:21.360 [34mINFO [0;39m [] [main] o.s.d.r.c.RepositoryConfigurationDelegate - Finished Spring Data repository scanning in 330 ms. Found 20 JPA repository interfaces.
2026-01-15 23:21:23.912 [34mINFO [0;39m [] [main] o.s.b.w.e.tomcat.TomcatWebServer - Tomcat initialized with port 8081 (http)
2026-01-15 23:21:23.932 [34mINFO [0;39m [] [main] o.a.coyote.http11.Http11NioProtocol - Initializing ProtocolHandler ["http-nio-8081"]
2026-01-15 23:21:23.941 [34mINFO [0;39m [] [main] o.a.catalina.core.StandardService - Starting service [Tomcat]
2026-01-15 23:21:23.942 [34mINFO [0;39m [] [main] o.a.catalina.core.StandardEngine - Starting Servlet engine: [Apache Tomcat/10.1.30]
2026-01-15 23:21:24.049 [34mINFO [0;39m [] [main] o.a.c.c.C.[Tomcat].[localhost].[/] - Initializing Spring embedded WebApplicationContext
2026-01-15 23:21:24.050 [34mINFO [0;39m [] [main] o.s.b.w.s.c.ServletWebServerApplicationContext - Root WebApplicationContext: initialization completed in 6439 ms
2026-01-15 23:21:24.436 [34mINFO [0;39m [] [main] com.zaxxer.hikari.HikariDataSource - HikariPool-1 - Starting...
2026-01-15 23:21:24.906 [34mINFO [0;39m [] [main] com.zaxxer.hikari.pool.HikariPool - HikariPool-1 - Added connection conn0: url=jdbc:h2:mem:bharatshop user=SA
2026-01-15 23:21:24.912 [34mINFO [0;39m [] [main] com.zaxxer.hikari.HikariDataSource - HikariPool-1 - Start completed.
2026-01-15 23:21:24.932 [34mINFO [0;39m [] [main] o.s.b.a.h.H2ConsoleAutoConfiguration - H2 console available at '/h2-console'. Database available at 'jdbc:h2:mem:bharatshop'
2026-01-15 23:21:26.291 [34mINFO [0;39m [] [main] o.s.o.j.p.SpringPersistenceUnitInfo - No LoadTimeWeaver setup: ignoring JPA class transformer
2026-01-15 23:21:29.847 [34mINFO [0;39m [] [main] o.s.o.j.LocalContainerEntityManagerFactoryBean - Initialized JPA EntityManagerFactory for persistence unit 'default'
2026-01-15 23:21:30.839 [34mINFO [0;39m [] [main] o.s.d.j.r.query.QueryEnhancerFactory - Hibernate is in classpath; If applicable, HQL parser will be used.
2026-01-15 23:21:31.796 [39mDEBUG[0;39m [] [main] c.b.c.logging.CorrelationIdFilter - Filter 'correlationIdFilter' configured for use
2026-01-15 23:21:31.797 [39mDEBUG[0;39m [] [main] c.b.config.logging.HttpLoggingFilter - Filter 'httpLoggingFilter' configured for use
2026-01-15 23:21:31.801 [39mDEBUG[0;39m [] [main] com.bharatshop.config.TenantFilter - Filter 'tenantFilter' configured for use
2026-01-15 23:21:31.803 [39mDEBUG[0;39m [] [main] c.b.security.TokenAuthFilter - Filter 'tokenAuthFilter' configured for use
2026-01-15 23:21:31.808 [39mDEBUG[0;39m [] [main] c.b.config.IdempotencyFilter - Filter 'idempotencyFilter' configured for use
2026-01-15 23:21:34.679 [31mWARN [0;39m [] [main] o.s.b.a.o.j.JpaBaseConfiguration$JpaWebConfiguration - spring.jpa.open-in-view is enabled by default. Therefore, database queries may be performed during view rendering. Explicitly configure spring.jpa.open-in-view to disable this warning
2026-01-15 23:21:34.748 [31mWARN [0;39m [] [main] o.s.b.a.s.s.UserDetailsServiceAutoConfiguration - 

Using generated security password: 11f57d0e-a052-4747-b16f-f6b75942cacb

This generated password is for development use only. Your security configuration must be updated before running your application in production.

2026-01-15 23:21:34.765 [34mINFO [0;39m [] [main] o.s.s.c.a.a.c.InitializeUserDetailsBeanManagerConfigurer$InitializeUserDetailsManagerConfigurer - Global AuthenticationManager configured with UserDetailsService bean with name inMemoryUserDetailsManager
2026-01-15 23:21:35.893 [34mINFO [0;39m [] [main] o.s.b.a.e.web.EndpointLinksResolver - Exposing 4 endpoints beneath base path '/actuator'
2026-01-15 23:21:37.336 [34mINFO [0;39m [] [main] o.a.coyote.http11.Http11NioProtocol - Starting ProtocolHandler ["http-nio-8081"]
2026-01-15 23:21:37.414 [34mINFO [0;39m [] [main] o.s.b.w.e.tomcat.TomcatWebServer - Tomcat started on port 8081 (http) with context path '/'
2026-01-15 23:21:37.458 [34mINFO [0;39m [] [main] c.bharatshop.BharatshopApplication - Started BharatshopApplication in 21.621 seconds (process running for 22.808)
2026-01-15 23:21:37.615 [39mDEBUG[0;39m [] [main] c.b.c.logging.MethodLoggingAspect - Service enter: StoreService.add(..) args=[Store(com.bharatshop.domain.Store@63b2ce4)]
2026-01-15 23:21:37.898 [34mINFO [0;39m [] [main] c.b.c.logging.MethodLoggingAspect - Service exit: StoreService.add(..) (284 ms)
2026-01-15 23:21:37.898 [39mDEBUG[0;39m [] [main] c.b.c.logging.MethodLoggingAspect - Service result: StoreService.add(..) => Store(com.bharatshop.domain.Store@6fe2da0c)
2026-01-15 23:21:37.899 [39mDEBUG[0;39m [] [main] c.b.c.logging.MethodLoggingAspect - Service enter: StoreService.add(..) args=[Store(com.bharatshop.domain.Store@43be5d62)]
2026-01-15 23:21:37.906 [34mINFO [0;39m [] [main] c.b.c.logging.MethodLoggingAspect - Service exit: StoreService.add(..) (7 ms)
2026-01-15 23:21:37.906 [39mDEBUG[0;39m [] [main] c.b.c.logging.MethodLoggingAspect - Service result: StoreService.add(..) => Store(com.bharatshop.domain.Store@8a541c8)
2026-01-15 23:21:37.908 [39mDEBUG[0;39m [] [main] c.b.c.logging.MethodLoggingAspect - Service enter: ProductService.add(..) args=[Product(com.bharatshop.domain.Product@7d4d32a7)]
2026-01-15 23:21:37.919 [34mINFO [0;39m [] [main] c.b.c.logging.MethodLoggingAspect - Service exit: ProductService.add(..) (12 ms)
2026-01-15 23:21:37.920 [39mDEBUG[0;39m [] [main] c.b.c.logging.MethodLoggingAspect - Service result: ProductService.add(..) => null
2026-01-15 23:21:37.921 [39mDEBUG[0;39m [] [main] c.b.c.logging.MethodLoggingAspect - Service enter: ProductService.add(..) args=[Product(com.bharatshop.domain.Product@35ae4079)]
2026-01-15 23:21:37.926 [34mINFO [0;39m [] [main] c.b.c.logging.MethodLoggingAspect - Service exit: ProductService.add(..) (5 ms)
2026-01-15 23:21:37.927 [39mDEBUG[0;39m [] [main] c.b.c.logging.MethodLoggingAspect - Service result: ProductService.add(..) => null
2026-01-15 23:21:37.928 [39mDEBUG[0;39m [] [main] c.b.c.logging.MethodLoggingAspect - Service enter: ProductService.add(..) args=[Product(com.bharatshop.domain.Product@46bde78e)]
2026-01-15 23:21:37.934 [34mINFO [0;39m [] [main] c.b.c.logging.MethodLoggingAspect - Service exit: ProductService.add(..) (6 ms)
2026-01-15 23:21:37.935 [39mDEBUG[0;39m [] [main] c.b.c.logging.MethodLoggingAspect - Service result: ProductService.add(..) => null
2026-01-15 23:21:44.235 [34mINFO [0;39m [] [http-nio-8081-exec-1] o.a.c.c.C.[Tomcat].[localhost].[/] - Initializing Spring DispatcherServlet 'dispatcherServlet'
2026-01-15 23:21:44.236 [34mINFO [0;39m [] [http-nio-8081-exec-1] o.s.web.servlet.DispatcherServlet - Initializing Servlet 'dispatcherServlet'
2026-01-15 23:21:44.239 [34mINFO [0;39m [] [http-nio-8081-exec-1] o.s.web.servlet.DispatcherServlet - Completed initialization in 2 ms
2026-01-15 23:21:44.415 [39mDEBUG[0;39m [eed546e7-eaf3-40cd-914a-72fceb89fc88] [http-nio-8081-exec-1] c.b.c.logging.MethodLoggingAspect - Controller enter: StoreDiscoveryController.stores(..) args=[null, null]
2026-01-15 23:21:44.416 [34mINFO [0;39m [eed546e7-eaf3-40cd-914a-72fceb89fc88] [http-nio-8081-exec-1] c.b.web.StoreDiscoveryController - Discover stores: tenant=default search=null category=null
2026-01-15 23:21:44.417 [39mDEBUG[0;39m [eed546e7-eaf3-40cd-914a-72fceb89fc88] [http-nio-8081-exec-1] c.b.c.logging.MethodLoggingAspect - Factory enter: FactoryProvider.getFactory() args=[]
2026-01-15 23:21:44.417 [34mINFO [0;39m [eed546e7-eaf3-40cd-914a-72fceb89fc88] [http-nio-8081-exec-1] c.b.c.logging.MethodLoggingAspect - Factory exit: FactoryProvider.getFactory() (0 ms)
2026-01-15 23:21:44.418 [39mDEBUG[0;39m [eed546e7-eaf3-40cd-914a-72fceb89fc88] [http-nio-8081-exec-1] c.b.c.logging.MethodLoggingAspect - Factory result: FactoryProvider.getFactory() => DefaultStorefrontFactory$$SpringCGLIB$$0(com.bharatshop.factory.impl.DefaultStorefrontFactory@311fd276)
2026-01-15 23:21:44.418 [39mDEBUG[0;39m [eed546e7-eaf3-40cd-914a-72fceb89fc88] [http-nio-8081-exec-1] c.b.c.logging.MethodLoggingAspect - Factory enter: DefaultStorefrontFactory.stores() args=[]
2026-01-15 23:21:44.421 [34mINFO [0;39m [eed546e7-eaf3-40cd-914a-72fceb89fc88] [http-nio-8081-exec-1] c.b.c.logging.MethodLoggingAspect - Factory exit: DefaultStorefrontFactory.stores() (3 ms)
2026-01-15 23:21:44.421 [39mDEBUG[0;39m [eed546e7-eaf3-40cd-914a-72fceb89fc88] [http-nio-8081-exec-1] c.b.c.logging.MethodLoggingAspect - Factory result: DefaultStorefrontFactory.stores() => (com.bharatshop.factory.impl.DefaultStorefrontFactory$2@227f3cae)
2026-01-15 23:21:44.422 [39mDEBUG[0;39m [eed546e7-eaf3-40cd-914a-72fceb89fc88] [http-nio-8081-exec-1] c.b.c.logging.MethodLoggingAspect - Service enter: StoreService.list(..) args=[null, null]
2026-01-15 23:21:44.578 [34mINFO [0;39m [eed546e7-eaf3-40cd-914a-72fceb89fc88] [http-nio-8081-exec-1] c.b.c.logging.MethodLoggingAspect - Service exit: StoreService.list(..) (157 ms)
2026-01-15 23:21:44.579 [39mDEBUG[0;39m [eed546e7-eaf3-40cd-914a-72fceb89fc88] [http-nio-8081-exec-1] c.b.c.logging.MethodLoggingAspect - Service result: StoreService.list(..) => ArrayList[size=2]
2026-01-15 23:21:44.587 [34mINFO [0;39m [eed546e7-eaf3-40cd-914a-72fceb89fc88] [http-nio-8081-exec-1] c.b.c.logging.MethodLoggingAspect - Controller exit: StoreDiscoveryController.stores(..) -> status=200 (172 ms)
2026-01-15 23:21:44.588 [39mDEBUG[0;39m [eed546e7-eaf3-40cd-914a-72fceb89fc88] [http-nio-8081-exec-1] c.b.c.logging.MethodLoggingAspect - Controller result: StoreDiscoveryController.stores(..) => ResponseEntity(status=200)
2026-01-15 23:21:44.703 [34mINFO [0;39m [eed546e7-eaf3-40cd-914a-72fceb89fc88] [http-nio-8081-exec-1] c.b.config.logging.HttpLoggingFilter - GET /api/stores -> 200 (370 ms)
2026-01-15 23:21:44.704 [34mINFO [0;39m [eed546e7-eaf3-40cd-914a-72fceb89fc88] [http-nio-8081-exec-1] c.b.config.logging.HttpLoggingFilter - Headers: auth=absent content-type=null accept=null
2026-01-15 23:21:44.704 [34mINFO [0;39m [eed546e7-eaf3-40cd-914a-72fceb89fc88] [http-nio-8081-exec-1] c.b.config.logging.HttpLoggingFilter - Response payload: [{"id":"e854a9de-35a2-4046-9779-cced0716fdf7","name":"City Pharmacy","area":"Brigade","category":"pharmacy","status":"open","orderingDisabled":false,"updatedAt":"2026-01-15T17:51:37.903361Z"},{"id":"3b02efd5-51b1-4525-9827-e52c827ea73e","name":"Fresh Mart","area":"MG Road","category":"grocery","status":"open","orderingDisabled":false,"updatedAt":"2026-01-15T17:51:37.772263Z"}]
2026-01-15 23:21:56.521 [39mDEBUG[0;39m [bd332d6c-628f-4b4e-82a3-fe7b86fe48f2] [http-nio-8081-exec-2] c.b.c.logging.MethodLoggingAspect - Controller enter: StoreDiscoveryController.stores(..) args=[null, null]
2026-01-15 23:21:56.522 [34mINFO [0;39m [bd332d6c-628f-4b4e-82a3-fe7b86fe48f2] [http-nio-8081-exec-2] c.b.web.StoreDiscoveryController - Discover stores: tenant=default search=null category=null
2026-01-15 23:21:56.523 [39mDEBUG[0;39m [bd332d6c-628f-4b4e-82a3-fe7b86fe48f2] [http-nio-8081-exec-2] c.b.c.logging.MethodLoggingAspect - Factory enter: FactoryProvider.getFactory() args=[]
2026-01-15 23:21:56.523 [34mINFO [0;39m [bd332d6c-628f-4b4e-82a3-fe7b86fe48f2] [http-nio-8081-exec-2] c.b.c.logging.MethodLoggingAspect - Factory exit: FactoryProvider.getFactory() (0 ms)
2026-01-15 23:21:56.524 [39mDEBUG[0;39m [bd332d6c-628f-4b4e-82a3-fe7b86fe48f2] [http-nio-8081-exec-2] c.b.c.logging.MethodLoggingAspect - Factory result: FactoryProvider.getFactory() => DefaultStorefrontFactory$$SpringCGLIB$$0(com.bharatshop.factory.impl.DefaultStorefrontFactory@311fd276)
2026-01-15 23:21:56.524 [39mDEBUG[0;39m [bd332d6c-628f-4b4e-82a3-fe7b86fe48f2] [http-nio-8081-exec-2] c.b.c.logging.MethodLoggingAspect - Factory enter: DefaultStorefrontFactory.stores() args=[]
2026-01-15 23:21:56.524 [34mINFO [0;39m [bd332d6c-628f-4b4e-82a3-fe7b86fe48f2] [http-nio-8081-exec-2] c.b.c.logging.MethodLoggingAspect - Factory exit: DefaultStorefrontFactory.stores() (0 ms)
2026-01-15 23:21:56.525 [39mDEBUG[0;39m [bd332d6c-628f-4b4e-82a3-fe7b86fe48f2] [http-nio-8081-exec-2] c.b.c.logging.MethodLoggingAspect - Factory result: DefaultStorefrontFactory.stores() => (com.bharatshop.factory.impl.DefaultStorefrontFactory$2@5f91caad)
2026-01-15 23:21:56.525 [39mDEBUG[0;39m [bd332d6c-628f-4b4e-82a3-fe7b86fe48f2] [http-nio-8081-exec-2] c.b.c.logging.MethodLoggingAspect - Service enter: StoreService.list(..) args=[null, null]
2026-01-15 23:21:56.529 [34mINFO [0;39m [bd332d6c-628f-4b4e-82a3-fe7b86fe48f2] [http-nio-8081-exec-2] c.b.c.logging.MethodLoggingAspect - Service exit: StoreService.list(..) (4 ms)
2026-01-15 23:21:56.530 [39mDEBUG[0;39m [bd332d6c-628f-4b4e-82a3-fe7b86fe48f2] [http-nio-8081-exec-2] c.b.c.logging.MethodLoggingAspect - Service result: StoreService.list(..) => ArrayList[size=2]
2026-01-15 23:21:56.530 [34mINFO [0;39m [bd332d6c-628f-4b4e-82a3-fe7b86fe48f2] [http-nio-8081-exec-2] c.b.c.logging.MethodLoggingAspect - Controller exit: StoreDiscoveryController.stores(..) -> status=200 (9 ms)
2026-01-15 23:21:56.530 [39mDEBUG[0;39m [bd332d6c-628f-4b4e-82a3-fe7b86fe48f2] [http-nio-8081-exec-2] c.b.c.logging.MethodLoggingAspect - Controller result: StoreDiscoveryController.stores(..) => ResponseEntity(status=200)
2026-01-15 23:21:56.532 [34mINFO [0;39m [bd332d6c-628f-4b4e-82a3-fe7b86fe48f2] [http-nio-8081-exec-2] c.b.config.logging.HttpLoggingFilter - GET /api/stores -> 200 (12 ms)
2026-01-15 23:21:56.533 [34mINFO [0;39m [bd332d6c-628f-4b4e-82a3-fe7b86fe48f2] [http-nio-8081-exec-2] c.b.config.logging.HttpLoggingFilter - Headers: auth=absent content-type=null accept=null
2026-01-15 23:21:56.533 [34mINFO [0;39m [bd332d6c-628f-4b4e-82a3-fe7b86fe48f2] [http-nio-8081-exec-2] c.b.config.logging.HttpLoggingFilter - Response payload: [{"id":"e854a9de-35a2-4046-9779-cced0716fdf7","name":"City Pharmacy","area":"Brigade","category":"pharmacy","status":"open","orderingDisabled":false,"updatedAt":"2026-01-15T17:51:37.903361Z"},{"id":"3b02efd5-51b1-4525-9827-e52c827ea73e","name":"Fresh Mart","area":"MG Road","category":"grocery","status":"open","orderingDisabled":false,"updatedAt":"2026-01-15T17:51:37.772263Z"}]
2026-01-15 23:21:56.587 [39mDEBUG[0;39m [f0dc5f22-c1e6-4f1b-aa2f-a433ce99a08f] [http-nio-8081-exec-3] c.b.c.logging.MethodLoggingAspect - Controller enter: StoreDiscoveryController.productsByStoreAlt(..) args=[e854a9de-35a2-4046-9779-cced0716fdf7]
2026-01-15 23:21:56.587 [34mINFO [0;39m [f0dc5f22-c1e6-4f1b-aa2f-a433ce99a08f] [http-nio-8081-exec-3] c.b.web.StoreDiscoveryController - Products by store (alt): tenant=default storeId=e854a9de-35a2-4046-9779-cced0716fdf7
2026-01-15 23:21:56.588 [39mDEBUG[0;39m [f0dc5f22-c1e6-4f1b-aa2f-a433ce99a08f] [http-nio-8081-exec-3] c.b.c.logging.MethodLoggingAspect - Factory enter: FactoryProvider.getFactory() args=[]
2026-01-15 23:21:56.588 [34mINFO [0;39m [f0dc5f22-c1e6-4f1b-aa2f-a433ce99a08f] [http-nio-8081-exec-3] c.b.c.logging.MethodLoggingAspect - Factory exit: FactoryProvider.getFactory() (0 ms)
2026-01-15 23:21:56.589 [39mDEBUG[0;39m [f0dc5f22-c1e6-4f1b-aa2f-a433ce99a08f] [http-nio-8081-exec-3] c.b.c.logging.MethodLoggingAspect - Factory result: FactoryProvider.getFactory() => DefaultStorefrontFactory$$SpringCGLIB$$0(com.bharatshop.factory.impl.DefaultStorefrontFactory@311fd276)
2026-01-15 23:21:56.590 [39mDEBUG[0;39m [f0dc5f22-c1e6-4f1b-aa2f-a433ce99a08f] [http-nio-8081-exec-3] c.b.c.logging.MethodLoggingAspect - Factory enter: DefaultStorefrontFactory.products() args=[]
2026-01-15 23:21:56.591 [34mINFO [0;39m [f0dc5f22-c1e6-4f1b-aa2f-a433ce99a08f] [http-nio-8081-exec-3] c.b.c.logging.MethodLoggingAspect - Factory exit: DefaultStorefrontFactory.products() (2 ms)
2026-01-15 23:21:56.591 [39mDEBUG[0;39m [f0dc5f22-c1e6-4f1b-aa2f-a433ce99a08f] [http-nio-8081-exec-3] c.b.c.logging.MethodLoggingAspect - Factory result: DefaultStorefrontFactory.products() => (com.bharatshop.factory.impl.DefaultStorefrontFactory$1@7ca06542)
2026-01-15 23:21:56.592 [39mDEBUG[0;39m [f0dc5f22-c1e6-4f1b-aa2f-a433ce99a08f] [http-nio-8081-exec-3] c.b.c.logging.MethodLoggingAspect - Service enter: ProductService.getByStore(..) args=[e854a9de-35a2-4046-9779-cced0716fdf7]
2026-01-15 23:21:56.607 [34mINFO [0;39m [f0dc5f22-c1e6-4f1b-aa2f-a433ce99a08f] [http-nio-8081-exec-3] c.b.c.logging.MethodLoggingAspect - Service exit: ProductService.getByStore(..) (15 ms)
2026-01-15 23:21:56.608 [39mDEBUG[0;39m [f0dc5f22-c1e6-4f1b-aa2f-a433ce99a08f] [http-nio-8081-exec-3] c.b.c.logging.MethodLoggingAspect - Service result: ProductService.getByStore(..) => ArrayList[size=1]
2026-01-15 23:21:56.609 [34mINFO [0;39m [f0dc5f22-c1e6-4f1b-aa2f-a433ce99a08f] [http-nio-8081-exec-3] c.b.c.logging.MethodLoggingAspect - Controller exit: StoreDiscoveryController.productsByStoreAlt(..) -> status=200 (22 ms)
2026-01-15 23:21:56.609 [39mDEBUG[0;39m [f0dc5f22-c1e6-4f1b-aa2f-a433ce99a08f] [http-nio-8081-exec-3] c.b.c.logging.MethodLoggingAspect - Controller result: StoreDiscoveryController.productsByStoreAlt(..) => ResponseEntity(status=200)
2026-01-15 23:21:56.616 [34mINFO [0;39m [f0dc5f22-c1e6-4f1b-aa2f-a433ce99a08f] [http-nio-8081-exec-3] c.b.config.logging.HttpLoggingFilter - GET /api/stores/e854a9de-35a2-4046-9779-cced0716fdf7/products -> 200 (44 ms)
2026-01-15 23:21:56.617 [34mINFO [0;39m [f0dc5f22-c1e6-4f1b-aa2f-a433ce99a08f] [http-nio-8081-exec-3] c.b.config.logging.HttpLoggingFilter - Headers: auth=absent content-type=null accept=null
2026-01-15 23:21:56.617 [34mINFO [0;39m [f0dc5f22-c1e6-4f1b-aa2f-a433ce99a08f] [http-nio-8081-exec-3] c.b.config.logging.HttpLoggingFilter - Response payload: [{"id":"6b691a70-bdbe-4c6e-b0d3-507697a29fd1","name":"Paracetamol","price":35.0,"category":"medicine","storeId":"e854a9de-35a2-4046-9779-cced0716fdf7","active":true}]
2026-01-15 23:23:50.627 [34mINFO [0;39m [b5a2ed81-b60c-44e7-80bb-5b266cb2ee61] [http-nio-8081-exec-5] c.b.config.logging.HttpLoggingFilter - GET /?ide_webview_request_time=1768489627500 -> 404 (9 ms)
2026-01-15 23:23:50.628 [34mINFO [0;39m [b5a2ed81-b60c-44e7-80bb-5b266cb2ee61] [http-nio-8081-exec-5] c.b.config.logging.HttpLoggingFilter - Headers: auth=absent content-type=null accept=text/html,application/xhtml+xml,application/xml;q=0.9,image/avif,image/webp,image/apng,*/*;q=0.8,application/signed-exchange;v=b3;q=0.7
2026-01-15 23:26:31.994 [34mINFO [0;39m [] [main] c.bharatshop.BharatshopApplication - Starting BharatshopApplication using Java 17.0.12 with PID 35756 (C:\Users\Adarsh\Downloads\bharatshop-backend\target\bharatshop-backend-0.0.1-SNAPSHOT.jar started by Adarsh in C:\Users\Adarsh\Downloads\bharatshop-backend)
2026-01-15 23:26:31.997 [39mDEBUG[0;39m [] [main] c.bharatshop.BharatshopApplication - Running with Spring Boot v3.3.4, Spring v6.1.13
2026-01-15 23:26:31.999 [34mINFO [0;39m [] [main] c.bharatshop.BharatshopApplication - The following 1 profile is active: "mysql"
2026-01-15 23:26:35.173 [34mINFO [0;39m [] [main] o.s.d.r.c.RepositoryConfigurationDelegate - Bootstrapping Spring Data JPA repositories in DEFAULT mode.
2026-01-15 23:26:35.454 [34mINFO [0;39m [] [main] o.s.d.r.c.RepositoryConfigurationDelegate - Finished Spring Data repository scanning in 257 ms. Found 20 JPA repository interfaces.
2026-01-15 23:26:38.001 [34mINFO [0;39m [] [main] o.s.b.w.e.tomcat.TomcatWebServer - Tomcat initialized with port 8080 (http)
2026-01-15 23:26:38.027 [34mINFO [0;39m [] [main] o.a.coyote.http11.Http11NioProtocol - Initializing ProtocolHandler ["http-nio-8080"]
2026-01-15 23:26:38.038 [34mINFO [0;39m [] [main] o.a.catalina.core.StandardService - Starting service [Tomcat]
2026-01-15 23:26:38.040 [34mINFO [0;39m [] [main] o.a.catalina.core.StandardEngine - Starting Servlet engine: [Apache Tomcat/10.1.30]
2026-01-15 23:26:38.145 [34mINFO [0;39m [] [main] o.a.c.c.C.[Tomcat].[localhost].[/] - Initializing Spring embedded WebApplicationContext
2026-01-15 23:26:38.147 [34mINFO [0;39m [] [main] o.s.b.w.s.c.ServletWebServerApplicationContext - Root WebApplicationContext: initialization completed in 6049 ms
2026-01-15 23:26:38.771 [34mINFO [0;39m [] [main] com.zaxxer.hikari.HikariDataSource - HikariPool-1 - Starting...
2026-01-15 23:26:39.402 [34mINFO [0;39m [] [main] com.zaxxer.hikari.pool.HikariPool - HikariPool-1 - Added connection com.mysql.cj.jdbc.ConnectionImpl@41026e5c
2026-01-15 23:26:39.449 [34mINFO [0;39m [] [main] com.zaxxer.hikari.HikariDataSource - HikariPool-1 - Start completed.
2026-01-15 23:26:39.483 [34mINFO [0;39m [] [main] o.s.b.a.h.H2ConsoleAutoConfiguration - H2 console available at '/h2-console'. Database available at 'jdbc:mysql://localhost:3306/bharatshop?createDatabaseIfNotExist=true&useSSL=false&allowPublicKeyRetrieval=true&serverTimezone=UTC'
2026-01-15 23:26:41.360 [34mINFO [0;39m [] [main] o.s.o.j.p.SpringPersistenceUnitInfo - No LoadTimeWeaver setup: ignoring JPA class transformer
2026-01-15 23:26:41.619 [31mWARN [0;39m [] [main] org.hibernate.orm.deprecation - HHH90000025: MySQLDialect does not need to be specified explicitly using 'hibernate.dialect' (remove the property setting and it will be selected by default)
2026-01-15 23:26:45.325 [34mINFO [0;39m [] [main] o.s.o.j.LocalContainerEntityManagerFactoryBean - Initialized JPA EntityManagerFactory for persistence unit 'default'
2026-01-15 23:26:46.181 [34mINFO [0;39m [] [main] o.s.d.j.r.query.QueryEnhancerFactory - Hibernate is in classpath; If applicable, HQL parser will be used.
2026-01-15 23:26:47.270 [39mDEBUG[0;39m [] [main] c.b.c.logging.CorrelationIdFilter - Filter 'correlationIdFilter' configured for use
2026-01-15 23:26:47.272 [39mDEBUG[0;39m [] [main] c.b.config.logging.HttpLoggingFilter - Filter 'httpLoggingFilter' configured for use
2026-01-15 23:26:47.275 [39mDEBUG[0;39m [] [main] com.bharatshop.config.TenantFilter - Filter 'tenantFilter' configured for use
2026-01-15 23:26:47.276 [39mDEBUG[0;39m [] [main] c.b.security.TokenAuthFilter - Filter 'tokenAuthFilter' configured for use
2026-01-15 23:26:47.281 [39mDEBUG[0;39m [] [main] c.b.config.IdempotencyFilter - Filter 'idempotencyFilter' configured for use
2026-01-15 23:26:50.344 [31mWARN [0;39m [] [main] o.s.b.a.o.j.JpaBaseConfiguration$JpaWebConfiguration - spring.jpa.open-in-view is enabled by default. Therefore, database queries may be performed during view rendering. Explicitly configure spring.jpa.open-in-view to disable this warning
2026-01-15 23:26:50.417 [31mWARN [0;39m [] [main] o.s.b.a.s.s.UserDetailsServiceAutoConfiguration - 

Using generated security password: b3037d79-705d-4938-a217-b3b817addad9

This generated password is for development use only. Your security configuration must be updated before running your application in production.

2026-01-15 23:26:50.446 [34mINFO [0;39m [] [main] o.s.s.c.a.a.c.InitializeUserDetailsBeanManagerConfigurer$InitializeUserDetailsManagerConfigurer - Global AuthenticationManager configured with UserDetailsService bean with name inMemoryUserDetailsManager
2026-01-15 23:26:51.547 [34mINFO [0;39m [] [main] o.s.b.a.e.web.EndpointLinksResolver - Exposing 4 endpoints beneath base path '/actuator'
2026-01-15 23:26:52.888 [34mINFO [0;39m [] [main] o.a.coyote.http11.Http11NioProtocol - Starting ProtocolHandler ["http-nio-8080"]
2026-01-15 23:26:52.935 [34mINFO [0;39m [] [main] o.s.b.w.e.tomcat.TomcatWebServer - Tomcat started on port 8080 (http) with context path '/'
2026-01-15 23:26:52.964 [34mINFO [0;39m [] [main] c.bharatshop.BharatshopApplication - Started BharatshopApplication in 22.742 seconds (process running for 24.459)
2026-01-15 23:26:53.067 [39mDEBUG[0;39m [] [main] c.b.c.logging.MethodLoggingAspect - Service enter: StoreService.add(..) args=[Store(com.bharatshop.domain.Store@5c8c1f0d)]
2026-01-15 23:26:53.373 [34mINFO [0;39m [] [main] c.b.c.logging.MethodLoggingAspect - Service exit: StoreService.add(..) (307 ms)
2026-01-15 23:26:53.373 [39mDEBUG[0;39m [] [main] c.b.c.logging.MethodLoggingAspect - Service result: StoreService.add(..) => Store(com.bharatshop.domain.Store@685f5017)
2026-01-15 23:26:53.374 [39mDEBUG[0;39m [] [main] c.b.c.logging.MethodLoggingAspect - Service enter: StoreService.add(..) args=[Store(com.bharatshop.domain.Store@2d5b950b)]
2026-01-15 23:26:53.390 [34mINFO [0;39m [] [main] c.b.c.logging.MethodLoggingAspect - Service exit: StoreService.add(..) (16 ms)
2026-01-15 23:26:53.391 [39mDEBUG[0;39m [] [main] c.b.c.logging.MethodLoggingAspect - Service result: StoreService.add(..) => Store(com.bharatshop.domain.Store@77e7be90)
2026-01-15 23:26:53.392 [39mDEBUG[0;39m [] [main] c.b.c.logging.MethodLoggingAspect - Service enter: ProductService.add(..) args=[Product(com.bharatshop.domain.Product@710225a6)]
2026-01-15 23:26:53.419 [34mINFO [0;39m [] [main] c.b.c.logging.MethodLoggingAspect - Service exit: ProductService.add(..) (27 ms)
2026-01-15 23:26:53.420 [39mDEBUG[0;39m [] [main] c.b.c.logging.MethodLoggingAspect - Service result: ProductService.add(..) => null
2026-01-15 23:26:53.420 [39mDEBUG[0;39m [] [main] c.b.c.logging.MethodLoggingAspect - Service enter: ProductService.add(..) args=[Product(com.bharatshop.domain.Product@19d5bed6)]
2026-01-15 23:26:53.438 [34mINFO [0;39m [] [main] c.b.c.logging.MethodLoggingAspect - Service exit: ProductService.add(..) (18 ms)
2026-01-15 23:26:53.439 [39mDEBUG[0;39m [] [main] c.b.c.logging.MethodLoggingAspect - Service result: ProductService.add(..) => null
2026-01-15 23:26:53.440 [39mDEBUG[0;39m [] [main] c.b.c.logging.MethodLoggingAspect - Service enter: ProductService.add(..) args=[Product(com.bharatshop.domain.Product@7797ca96)]
2026-01-15 23:26:53.454 [34mINFO [0;39m [] [main] c.b.c.logging.MethodLoggingAspect - Service exit: ProductService.add(..) (15 ms)
2026-01-15 23:26:53.455 [39mDEBUG[0;39m [] [main] c.b.c.logging.MethodLoggingAspect - Service result: ProductService.add(..) => null
2026-01-15 23:26:55.165 [34mINFO [0;39m [] [http-nio-8080-exec-1] o.a.c.c.C.[Tomcat].[localhost].[/] - Initializing Spring DispatcherServlet 'dispatcherServlet'
2026-01-15 23:26:55.168 [34mINFO [0;39m [] [http-nio-8080-exec-1] o.s.web.servlet.DispatcherServlet - Initializing Servlet 'dispatcherServlet'
2026-01-15 23:26:55.174 [34mINFO [0;39m [] [http-nio-8080-exec-1] o.s.web.servlet.DispatcherServlet - Completed initialization in 2 ms
2026-01-15 23:26:55.369 [34mINFO [0;39m [693cff9c-9153-4cfa-a5a1-5493c80d7e37] [http-nio-8080-exec-1] c.b.config.logging.HttpLoggingFilter - GET /?ide_webview_request_time=1767793821055 -> 404 (41 ms)
2026-01-15 23:26:55.371 [34mINFO [0;39m [693cff9c-9153-4cfa-a5a1-5493c80d7e37] [http-nio-8080-exec-1] c.b.config.logging.HttpLoggingFilter - Headers: auth=absent content-type=null accept=text/html,application/xhtml+xml,application/xml;q=0.9,image/avif,image/webp,image/apng,*/*;q=0.8,application/signed-exchange;v=b3;q=0.7
2026-01-15 23:26:55.539 [31mWARN [0;39m [] [http-nio-8080-exec-1] o.a.c.util.SessionIdGeneratorBase - Creation of SecureRandom instance for session ID generation using [SHA1PRNG] took [105] milliseconds.
2026-01-15 23:27:01.434 [39mDEBUG[0;39m [ad161046-6392-4746-82b7-f7b3ae243a73] [http-nio-8080-exec-3] c.b.c.logging.MethodLoggingAspect - Controller enter: StoreDiscoveryController.stores(..) args=[null, null]
2026-01-15 23:27:01.435 [34mINFO [0;39m [ad161046-6392-4746-82b7-f7b3ae243a73] [http-nio-8080-exec-3] c.b.web.StoreDiscoveryController - Discover stores: tenant=default search=null category=null
2026-01-15 23:27:01.436 [39mDEBUG[0;39m [ad161046-6392-4746-82b7-f7b3ae243a73] [http-nio-8080-exec-3] c.b.c.logging.MethodLoggingAspect - Factory enter: FactoryProvider.getFactory() args=[]
2026-01-15 23:27:01.436 [34mINFO [0;39m [ad161046-6392-4746-82b7-f7b3ae243a73] [http-nio-8080-exec-3] c.b.c.logging.MethodLoggingAspect - Factory exit: FactoryProvider.getFactory() (0 ms)
2026-01-15 23:27:01.437 [39mDEBUG[0;39m [ad161046-6392-4746-82b7-f7b3ae243a73] [http-nio-8080-exec-3] c.b.c.logging.MethodLoggingAspect - Factory result: FactoryProvider.getFactory() => DefaultStorefrontFactory$$SpringCGLIB$$0(com.bharatshop.factory.impl.DefaultStorefrontFactory@24efdd16)
2026-01-15 23:27:01.437 [39mDEBUG[0;39m [ad161046-6392-4746-82b7-f7b3ae243a73] [http-nio-8080-exec-3] c.b.c.logging.MethodLoggingAspect - Factory enter: DefaultStorefrontFactory.stores() args=[]
2026-01-15 23:27:01.438 [34mINFO [0;39m [ad161046-6392-4746-82b7-f7b3ae243a73] [http-nio-8080-exec-3] c.b.c.logging.MethodLoggingAspect - Factory exit: DefaultStorefrontFactory.stores() (1 ms)
2026-01-15 23:27:01.438 [39mDEBUG[0;39m [ad161046-6392-4746-82b7-f7b3ae243a73] [http-nio-8080-exec-3] c.b.c.logging.MethodLoggingAspect - Factory result: DefaultStorefrontFactory.stores() => (com.bharatshop.factory.impl.DefaultStorefrontFactory$2@31aea576)
2026-01-15 23:27:01.439 [39mDEBUG[0;39m [ad161046-6392-4746-82b7-f7b3ae243a73] [http-nio-8080-exec-3] c.b.c.logging.MethodLoggingAspect - Service enter: StoreService.list(..) args=[null, null]
2026-01-15 23:27:01.564 [34mINFO [0;39m [ad161046-6392-4746-82b7-f7b3ae243a73] [http-nio-8080-exec-3] c.b.c.logging.MethodLoggingAspect - Service exit: StoreService.list(..) (125 ms)
2026-01-15 23:27:01.565 [39mDEBUG[0;39m [ad161046-6392-4746-82b7-f7b3ae243a73] [http-nio-8080-exec-3] c.b.c.logging.MethodLoggingAspect - Service result: StoreService.list(..) => ArrayList[size=2]
2026-01-15 23:27:01.570 [34mINFO [0;39m [ad161046-6392-4746-82b7-f7b3ae243a73] [http-nio-8080-exec-3] c.b.c.logging.MethodLoggingAspect - Controller exit: StoreDiscoveryController.stores(..) -> status=200 (136 ms)
2026-01-15 23:27:01.571 [39mDEBUG[0;39m [ad161046-6392-4746-82b7-f7b3ae243a73] [http-nio-8080-exec-3] c.b.c.logging.MethodLoggingAspect - Controller result: StoreDiscoveryController.stores(..) => ResponseEntity(status=200)
2026-01-15 23:27:01.739 [34mINFO [0;39m [ad161046-6392-4746-82b7-f7b3ae243a73] [http-nio-8080-exec-3] c.b.config.logging.HttpLoggingFilter - GET /api/stores -> 200 (337 ms)
2026-01-15 23:27:01.740 [34mINFO [0;39m [ad161046-6392-4746-82b7-f7b3ae243a73] [http-nio-8080-exec-3] c.b.config.logging.HttpLoggingFilter - Headers: auth=absent content-type=null accept=null
2026-01-15 23:27:01.741 [34mINFO [0;39m [ad161046-6392-4746-82b7-f7b3ae243a73] [http-nio-8080-exec-3] c.b.config.logging.HttpLoggingFilter - Response payload: [{"id":"b585adf9-d1e7-41be-ba0f-179581c84259","name":"City Pharmacy","area":"Brigade","category":"pharmacy","status":"open","orderingDisabled":false,"updatedAt":"2026-01-15T17:56:53.379793Z"},{"id":"3ce3b1bf-7c55-4fa5-bbe3-f45f8a93c67a","name":"Fresh Mart","area":"MG Road","category":"grocery","status":"open","orderingDisabled":false,"updatedAt":"2026-01-15T17:56:53.251484Z"}]
